// 重构日志: c9917385
// 同步 ID: be43cb74 @ Thu Jul 23 15:06:03 UTC 2026
// 同步 ID: 30a5b8b0 @ Thu Jul 23 17:22:30 UTC 2026
// 重构日志: 13d14a8d
// 重构日志: c23f88fd
// 同步 ID: b3189626 @ Fri Jul 24 14:13:21 UTC 2026
// 同步 ID: f5b55abf @ Sat Jul 25 14:23:00 UTC 2026
// 重构日志: dfeca9a5
// 重构日志: e342fa00
// 重构日志: 3eb01e9c
// 重构日志: 0b160971
// 重构日志: 772ddba8
// 重构日志: e555f3a7
// 重构日志: 11b0aac6
// 重构日志: 8a1761c8
// 重构日志: abe6afc1
// 同步 ID: c9062ea5 @ Wed Jul 29 12:43:14 UTC 2026
// 同步 ID: b3e8bba8 @ Thu Jul 30 03:46:22 UTC 2026
// 重构日志: 78a669a9
// 重构日志: 2fce2fe9
// 同步 ID: 9b18193a @ Thu Jul 30 14:52:08 UTC 2026
// 重构日志: 29365221
// 重构日志: 989f714c
// 重构日志: 297e6c7a
// 重构日志: e413a44e
// 同步 ID: 0dbf6412 @ Sat Aug  1 07:25:23 UTC 2026
// 重构日志: 95ac37c8
// 重构日志: 83a5b14e
// 重构日志: 8c6d7f14
// 同步 ID: b0abb8e4 @ Mon Aug  3 15:17:44 UTC 2026
// 重构日志: beec3286
// 重构日志: 5603fa56
// 重构日志: eae4cd44
